{
  "Entries": [
    {
      "RequestUri": "https://fakeserviceId.api.cac001.deid.azure.com/jobs/js-sdk-job-recorded-21?api-version=2024-01-16-preview",
      "RequestMethod": "PUT",
      "RequestHeaders": {
        "Accept": "application/json",
        "Accept-Encoding": "gzip, deflate, br",
        "Authorization": "Sanitized",
        "Connection": "keep-alive",
        "Content-Length": "347",
        "Content-Type": "application/json; charset=UTF-8",
        "Referer": "http://localhost:5173/",
        "sec-ch-ua": "\"HeadlessChrome\";v=\"125\", \"Chromium\";v=\"125\", \"Not.A/Brand\";v=\"24\"",
        "sec-ch-ua-mobile": "?0",
        "sec-ch-ua-platform": "\"Windows\"",
        "Sec-Fetch-Dest": "empty",
        "Sec-Fetch-Mode": "cors",
        "Sec-Fetch-Site": "same-site",
        "User-Agent": "Mozilla/5.0 (Windows NT 10.0; Win64; x64) AppleWebKit/537.36 (KHTML, like Gecko) HeadlessChrome/125.0.6422.26 Safari/537.36",
        "x-ms-client-request-id": "Sanitized",
        "x-ms-useragent": "azsdk-js-azure-health-deidentification-rest/1.0.0-beta.1 core-rest-pipeline/1.16.1 OS/Windows"
      },
      "RequestBody": {
        "dataType": "Plaintext",
        "operation": "Surrogate",
        "sourceLocation": {
          "location": "https://fake_storage_account_sas_uri.blob.core.windows.net/container-sdk-dev-fakeid",
          "prefix": "example_patient_1",
          "extensions": [
            "*"
          ]
        },
        "targetLocation": {
          "location": "https://fake_storage_account_sas_uri.blob.core.windows.net/container-sdk-dev-fakeid",
          "prefix": "_output"
        }
      },
      "StatusCode": 200,
      "ResponseHeaders": {
        "api-deprecated-versions": "1",
        "api-supported-versions": "2024-01-16-preview",
        "Connection": "keep-alive",
        "Content-Type": "application/json; charset=utf-8",
        "Date": "Tue, 18 Jun 2024 21:12:07 GMT",
        "Request-Context": "appId=cid-v1:4ff766fe-2902-470a-ac17-842181337fd9",
        "Strict-Transport-Security": "max-age=31536000; includeSubDomains",
        "Transfer-Encoding": "chunked",
        "X-Content-Type-Options": "nosniff",
        "x-ms-correlation-id": "a0281c69-a651-466a-af1e-a9936cbede51"
      },
      "ResponseBody": {
        "name": "js-sdk-job-recorded-21",
        "status": "NotStarted",
        "createdAt": "2024-06-18T21:12:07.4985368Z",
        "lastUpdatedAt": "2024-06-18T21:12:07.4985369Z",
        "sourceLocation": {
          "extensions": [
            "*"
          ],
          "location": "https://fake_storage_account_sas_uri.blob.core.windows.net/container-sdk-dev-fakeid",
          "prefix": "example_patient_1"
        },
        "targetLocation": {
          "location": "https://fake_storage_account_sas_uri.blob.core.windows.net/container-sdk-dev-fakeid",
          "prefix": "_output"
        },
        "dataType": "Plaintext",
        "operation": "Surrogate"
      }
    }
  ],
  "Variables": {}
}
