{
  "Entries": [
    {
      "RequestUri": "https://fakestorageaccount.blob.core.windows.net/filesystem167822642799105296?restype=container",
      "RequestMethod": "PUT",
      "RequestHeaders": {
        "Accept": "application/xml",
        "Authorization": "Sanitized",
        "Connection": "keep-alive",
        "Content-Length": "0",
        "User-Agent": "azsdk-js-azure-storage-blob/12.13.0 core-rest-pipeline/1.10.3 Node/v16.18.0 OS/(x64-Linux-5.4.0-1103-azure)",
        "x-ms-client-request-id": "129b3f7f-366d-4edc-bfac-378fd42b367d",
        "x-ms-date": "Tue, 07 Mar 2023 22:00:27 GMT",
        "x-ms-version": "2021-12-02"
      },
      "RequestBody": null,
      "StatusCode": 201,
      "ResponseHeaders": {
        "Content-Length": "0",
        "Date": "Tue, 07 Mar 2023 22:00:27 GMT",
        "ETag": "\u00220x8DB1F575CA90BB5\u0022",
        "Last-Modified": "Tue, 07 Mar 2023 22:00:28 GMT",
        "Server": [
          "Windows-Azure-Blob/1.0",
          "Microsoft-HTTPAPI/2.0"
        ],
        "x-ms-client-request-id": "129b3f7f-366d-4edc-bfac-378fd42b367d",
        "x-ms-request-id": "f28e61a2-201e-005b-3440-5104fa000000",
        "x-ms-version": "2021-12-02"
      },
      "ResponseBody": null
    },
    {
      "RequestUri": "https://fakestorageaccount.dfs.core.windows.net/filesystem167822642799105296/file167822642808602538?resource=file",
      "RequestMethod": "PUT",
      "RequestHeaders": {
        "Accept": "application/json",
        "Authorization": "Sanitized",
        "Connection": "keep-alive",
        "Content-Length": "0",
        "User-Agent": "azsdk-js-azure-storage-blob/12.13.0 core-rest-pipeline/1.10.3 Node/v16.18.0 OS/(x64-Linux-5.4.0-1103-azure)",
        "x-ms-client-request-id": "d9d33689-169b-4066-99c8-67e84c0f9b2f",
        "x-ms-date": "Tue, 07 Mar 2023 22:00:28 GMT",
        "x-ms-version": "2021-12-02"
      },
      "RequestBody": null,
      "StatusCode": 201,
      "ResponseHeaders": {
        "Content-Length": "0",
        "Date": "Tue, 07 Mar 2023 22:00:28 GMT",
        "ETag": "\u00220x8DB1F575CB9B2E9\u0022",
        "Last-Modified": "Tue, 07 Mar 2023 22:00:28 GMT",
        "Server": [
          "Windows-Azure-HDFS/1.0",
          "Microsoft-HTTPAPI/2.0"
        ],
        "x-ms-client-request-id": "d9d33689-169b-4066-99c8-67e84c0f9b2f",
        "x-ms-request-id": "270ab989-901f-005e-2f40-51d621000000",
        "x-ms-request-server-encrypted": "true",
        "x-ms-version": "2021-12-02"
      },
      "ResponseBody": null
    },
    {
      "RequestUri": "https://fakestorageaccount.dfs.core.windows.net/filesystem167822642799105296/file167822642808602538?position=0\u0026action=append",
      "RequestMethod": "PATCH",
      "RequestHeaders": {
        "Accept": "application/json",
        "Authorization": "Sanitized",
        "Connection": "keep-alive",
        "Content-Length": "3",
        "Content-Type": "application/json",
        "User-Agent": "azsdk-js-azure-storage-blob/12.13.0 core-rest-pipeline/1.10.3 Node/v16.18.0 OS/(x64-Linux-5.4.0-1103-azure)",
        "x-ms-client-request-id": "4cd6a363-e881-4822-a5ed-6b53d0122d82",
        "x-ms-date": "Tue, 07 Mar 2023 22:00:28 GMT",
        "x-ms-version": "2021-12-02"
      },
      "RequestBody": "aaa",
      "StatusCode": 202,
      "ResponseHeaders": {
        "Content-Length": "0",
        "Date": "Tue, 07 Mar 2023 22:00:28 GMT",
        "Server": [
          "Windows-Azure-HDFS/1.0",
          "Microsoft-HTTPAPI/2.0"
        ],
        "x-ms-client-request-id": "4cd6a363-e881-4822-a5ed-6b53d0122d82",
        "x-ms-request-id": "270ab9a3-901f-005e-4940-51d621000000",
        "x-ms-request-server-encrypted": "true",
        "x-ms-version": "2021-12-02"
      },
      "ResponseBody": null
    },
    {
      "RequestUri": "https://fakestorageaccount.dfs.core.windows.net/filesystem167822642799105296/file167822642808602538?position=3\u0026action=flush",
      "RequestMethod": "PATCH",
      "RequestHeaders": {
        "Accept": "application/json",
        "Authorization": "Sanitized",
        "Connection": "keep-alive",
        "Content-Length": "0",
        "User-Agent": "azsdk-js-azure-storage-blob/12.13.0 core-rest-pipeline/1.10.3 Node/v16.18.0 OS/(x64-Linux-5.4.0-1103-azure)",
        "x-ms-client-request-id": "6e82edc9-d38f-47c3-b8e8-35a8145c9fe4",
        "x-ms-date": "Tue, 07 Mar 2023 22:00:28 GMT",
        "x-ms-version": "2021-12-02"
      },
      "RequestBody": null,
      "StatusCode": 200,
      "ResponseHeaders": {
        "Content-Length": "0",
        "Date": "Tue, 07 Mar 2023 22:00:28 GMT",
        "ETag": "\u00220x8DB1F575CD74616\u0022",
        "Last-Modified": "Tue, 07 Mar 2023 22:00:28 GMT",
        "Server": [
          "Windows-Azure-HDFS/1.0",
          "Microsoft-HTTPAPI/2.0"
        ],
        "x-ms-client-request-id": "6e82edc9-d38f-47c3-b8e8-35a8145c9fe4",
        "x-ms-request-id": "270ab9c7-901f-005e-6d40-51d621000000",
        "x-ms-request-server-encrypted": "false",
        "x-ms-version": "2021-12-02"
      },
      "ResponseBody": null
    },
    {
      "RequestUri": "https://fakestorageaccount.blob.core.windows.net/filesystem167822642799105296/file167822642808602538?comp=lease",
      "RequestMethod": "PUT",
      "RequestHeaders": {
        "Accept": "application/xml",
        "Authorization": "Sanitized",
        "Connection": "keep-alive",
        "Content-Length": "0",
        "User-Agent": "azsdk-js-azure-storage-blob/12.13.0 core-rest-pipeline/1.10.3 Node/v16.18.0 OS/(x64-Linux-5.4.0-1103-azure)",
        "x-ms-client-request-id": "2ea0cfd4-c7d1-4e8b-9e59-92df6cbfdee2",
        "x-ms-date": "Tue, 07 Mar 2023 22:00:28 GMT",
        "x-ms-lease-action": "acquire",
        "x-ms-lease-duration": "30",
        "x-ms-version": "2021-12-02"
      },
      "RequestBody": null,
      "StatusCode": 201,
      "ResponseHeaders": {
        "Content-Length": "0",
        "Date": "Tue, 07 Mar 2023 22:00:27 GMT",
        "ETag": "\u00220x8DB1F575CD74616\u0022",
        "Last-Modified": "Tue, 07 Mar 2023 22:00:28 GMT",
        "Server": [
          "Windows-Azure-Blob/1.0",
          "Microsoft-HTTPAPI/2.0"
        ],
        "x-ms-client-request-id": "2ea0cfd4-c7d1-4e8b-9e59-92df6cbfdee2",
        "x-ms-request-id": "f28e6235-201e-005b-3740-5104fa000000",
        "x-ms-version": "2021-12-02"
      },
      "ResponseBody": null
    },
    {
      "RequestUri": "https://fakestorageaccount.dfs.core.windows.net/filesystem167822642799105296/file167822642808602538?resource=file",
      "RequestMethod": "PUT",
      "RequestHeaders": {
        "Accept": "application/json",
        "Authorization": "Sanitized",
        "Connection": "keep-alive",
        "Content-Length": "0",
        "If-None-Match": "*",
        "User-Agent": "azsdk-js-azure-storage-blob/12.13.0 core-rest-pipeline/1.10.3 Node/v16.18.0 OS/(x64-Linux-5.4.0-1103-azure)",
        "x-ms-client-request-id": "559d74fb-8fa3-4e1d-bc6b-250e83e28bc7",
        "x-ms-date": "Tue, 07 Mar 2023 22:00:28 GMT",
        "x-ms-version": "2021-12-02"
      },
      "RequestBody": null,
      "StatusCode": 409,
      "ResponseHeaders": {
        "Content-Length": "168",
        "Content-Type": "application/json; charset=utf-8",
        "Date": "Tue, 07 Mar 2023 22:00:28 GMT",
        "Server": [
          "Windows-Azure-HDFS/1.0",
          "Microsoft-HTTPAPI/2.0"
        ],
        "x-ms-client-request-id": "559d74fb-8fa3-4e1d-bc6b-250e83e28bc7",
        "x-ms-error-code": "PathAlreadyExists",
        "x-ms-request-id": "270ab9ec-901f-005e-1140-51d621000000",
        "x-ms-version": "2021-12-02"
      },
      "ResponseBody": {
        "error": {
          "code": "PathAlreadyExists",
          "message": "The specified path already exists.\nRequestId:270ab9ec-901f-005e-1140-51d621000000\nTime:2023-03-07T22:00:28.4794178Z"
        }
      }
    },
    {
      "RequestUri": "https://fakestorageaccount.blob.core.windows.net/filesystem167822642799105296?restype=container",
      "RequestMethod": "DELETE",
      "RequestHeaders": {
        "Accept": "application/xml",
        "Authorization": "Sanitized",
        "Connection": "keep-alive",
        "User-Agent": "azsdk-js-azure-storage-blob/12.13.0 core-rest-pipeline/1.10.3 Node/v16.18.0 OS/(x64-Linux-5.4.0-1103-azure)",
        "x-ms-client-request-id": "c1e549bc-1c89-45fa-b573-6302fed5fbd5",
        "x-ms-date": "Tue, 07 Mar 2023 22:00:28 GMT",
        "x-ms-version": "2021-12-02"
      },
      "RequestBody": null,
      "StatusCode": 202,
      "ResponseHeaders": {
        "Content-Length": "0",
        "Date": "Tue, 07 Mar 2023 22:00:27 GMT",
        "Server": [
          "Windows-Azure-Blob/1.0",
          "Microsoft-HTTPAPI/2.0"
        ],
        "x-ms-client-request-id": "c1e549bc-1c89-45fa-b573-6302fed5fbd5",
        "x-ms-request-id": "f28e627a-201e-005b-7640-5104fa000000",
        "x-ms-version": "2021-12-02"
      },
      "ResponseBody": null
    }
  ],
  "Variables": {
    "file": "file167822642808602538",
    "filesystem": "filesystem167822642799105296"
  }
}
