{
  "Entries": [
    {
      "RequestUri": "https://Sanitized.api.cac001.deid.azure.com/deid?api-version=2024-01-16-preview",
      "RequestMethod": "POST",
      "RequestHeaders": {
        "Accept": "application/json",
        "Accept-Encoding": "gzip,deflate",
        "Authorization": "Sanitized",
        "Connection": "keep-alive",
        "Content-Length": "92",
        "Content-Type": "application/json; charset=UTF-8",
        "User-Agent": "azsdk-js-azure-health-deidentification-rest/1.0.0-beta.1 core-rest-pipeline/1.16.1 Node/18.20.1 OS/(x64-Windows_NT-10.0.22631)",
        "x-ms-client-request-id": "Sanitized"
      },
      "RequestBody": {
        "dataType": "Plaintext",
        "inputText": "Hello, my name is John Smith.",
        "operation": "Surrogate"
      },
      "StatusCode": 200,
      "ResponseHeaders": {
        "api-deprecated-versions": "1",
        "api-supported-versions": "2024-01-16-preview",
        "Connection": "keep-alive",
        "Content-Type": "application/json; charset=utf-8",
        "Date": "Tue, 18 Jun 2024 21:03:21 GMT",
        "Request-Context": "appId=cid-v1:4ff766fe-2902-470a-ac17-842181337fd9",
        "Strict-Transport-Security": "max-age=31536000; includeSubDomains",
        "Transfer-Encoding": "chunked",
        "X-Content-Type-Options": "nosniff",
        "x-ms-correlation-id": "33baf055-139d-44c7-bc89-0696a612c100"
      },
      "ResponseBody": {
        "outputText": "Hello, my name is Yuri Sagapolu."
      }
    }
  ],
  "Variables": {}
}
