{
  "Entries": [
    {
      "RequestUri": "https://Sanitized.api.cac001.deid.azure.com/deid?api-version=2024-01-16-preview",
      "RequestMethod": "POST",
      "RequestHeaders": {
        "Accept": "application/json",
        "Accept-Encoding": "gzip, deflate, br",
        "Authorization": "Sanitized",
        "Connection": "keep-alive",
        "Content-Length": "86",
        "Content-Type": "application/json; charset=UTF-8",
        "Referer": "http://localhost:5173/",
        "sec-ch-ua": "\"HeadlessChrome\";v=\"125\", \"Chromium\";v=\"125\", \"Not.A/Brand\";v=\"24\"",
        "sec-ch-ua-mobile": "?0",
        "sec-ch-ua-platform": "\"Windows\"",
        "Sec-Fetch-Dest": "empty",
        "Sec-Fetch-Mode": "cors",
        "Sec-Fetch-Site": "same-site",
        "User-Agent": "Mozilla/5.0 (Windows NT 10.0; Win64; x64) AppleWebKit/537.36 (KHTML, like Gecko) HeadlessChrome/125.0.6422.26 Safari/537.36",
        "x-ms-client-request-id": "Sanitized",
        "x-ms-useragent": "azsdk-js-azure-health-deidentification-rest/1.0.0-beta.1 core-rest-pipeline/1.16.1 OS/Windows"
      },
      "RequestBody": {
        "dataType": "Plaintext",
        "inputText": "Hello, my name is John Smith.",
        "operation": "Tag"
      },
      "StatusCode": 200,
      "ResponseHeaders": {
        "api-deprecated-versions": "1",
        "api-supported-versions": "2024-01-16-preview",
        "Connection": "keep-alive",
        "Content-Type": "application/json; charset=utf-8",
        "Date": "Tue, 18 Jun 2024 21:12:44 GMT",
        "Request-Context": "appId=cid-v1:4ff766fe-2902-470a-ac17-842181337fd9",
        "Strict-Transport-Security": "max-age=31536000; includeSubDomains",
        "Transfer-Encoding": "chunked",
        "X-Content-Type-Options": "nosniff",
        "x-ms-correlation-id": "611bae49-549c-4dcf-bb07-73f9b4c1ffe9"
      },
      "ResponseBody": {
        "taggerResult": {
          "entities": [
            {
              "category": "Doctor",
              "offset": 18,
              "length": 10,
              "text": "John Smith",
              "confidenceScore": 0.911
            }
          ],
          "stringIndexType": "TextElement_v8"
        }
      }
    }
  ],
  "Variables": {}
}
